$ cargo test --workspace --no-run && cargo build -p photoctl-image && node scripts/package-native.mjs
warning: libraw-sys@0.22.2: ranlib: warning: 'libphotoctl_libraw.a(8dc2014eb62c13dc-rawspeed_glue.o)' has no symbols
warning: libraw-sys@0.22.2: ranlib: warning: 'libphotoctl_libraw.a(8dc2014eb62c13dc-rawspeed_glue.o)' has no symbols
warning: libraw-sys@0.22.2: ranlib: warning: 'libphotoctl_libraw.a(8dc2014eb62c13dc-rawspeed_glue.o)' has no symbols
warning: libraw-sys@0.22.2: ranlib: warning: 'libphotoctl_libraw.a(e1b66968ee936791-apply_profile.o)' has no symbols
warning: libraw-sys@0.22.2: ranlib: warning: 'libphotoctl_libraw.a(c2d802da71f94854-x3f_parse_process.o)' has no symbols
warning: libraw-sys@0.22.2: ranlib: warning: 'libphotoctl_libraw.a(c2d802da71f94854-x3f_utils_patched.o)' has no symbols
warning: libraw-sys@0.22.2: ranlib: warning: 'libphotoctl_libraw.a(8dc2014eb62c13dc-rawspeed_glue.o)' has no symbols
warning: libraw-sys@0.22.2: ranlib: warning: 'libphotoctl_libraw.a(e1b66968ee936791-apply_profile.o)' has no symbols
warning: libraw-sys@0.22.2: ranlib: warning: 'libphotoctl_libraw.a(c2d802da71f94854-x3f_parse_process.o)' has no symbols
warning: libraw-sys@0.22.2: ranlib: warning: 'libphotoctl_libraw.a(c2d802da71f94854-x3f_utils_patched.o)' has no symbols
warning: struct `PixelFrameTransform` is never constructed
  --> crates/photoctl-image/src/resample.rs:17:12
   |
17 | pub struct PixelFrameTransform {
   |            ^^^^^^^^^^^^^^^^^^^
   |
   = note: `#[warn(dead_code)]` (part of `#[warn(unused)]`) on by default

warning: struct `FrameTransform` is never constructed
  --> crates/photoctl-image/src/resample.rs:23:8
   |
23 | struct FrameTransform {
   |        ^^^^^^^^^^^^^^

warning: function `project_supported_rgb_pixels` is never used
  --> crates/photoctl-image/src/resample.rs:58:8
   |
58 | pub fn project_supported_rgb_pixels(
   |        ^^^^^^^^^^^^^^^^^^^^^^^^^^^^

warning: struct `SupportedProjectionTask` is never constructed
   --> crates/photoctl-image/src/resample.rs:101:12
    |
101 | pub struct SupportedProjectionTask {
    |            ^^^^^^^^^^^^^^^^^^^^^^^

warning: `photoctl-image` (lib test) generated 4 warnings
    Finished `test` profile [unoptimized + debuginfo] target(s) in 0.15s
  Executable unittests src/lib.rs (target/debug/deps/libraw_sys-be1c24c7e71726e2)
  Executable unittests src/lib.rs (target/debug/deps/photoctl_image-bea3c8914cb0532b)
warning: libraw-sys@0.22.2: ranlib: warning: 'libphotoctl_libraw.a(8dc2014eb62c13dc-rawspeed_glue.o)' has no symbols
warning: libraw-sys@0.22.2: ranlib: warning: 'libphotoctl_libraw.a(8dc2014eb62c13dc-rawspeed_glue.o)' has no symbols
warning: libraw-sys@0.22.2: ranlib: warning: 'libphotoctl_libraw.a(8dc2014eb62c13dc-rawspeed_glue.o)' has no symbols
warning: libraw-sys@0.22.2: ranlib: warning: 'libphotoctl_libraw.a(e1b66968ee936791-apply_profile.o)' has no symbols
warning: libraw-sys@0.22.2: ranlib: warning: 'libphotoctl_libraw.a(c2d802da71f94854-x3f_parse_process.o)' has no symbols
warning: libraw-sys@0.22.2: ranlib: warning: 'libphotoctl_libraw.a(c2d802da71f94854-x3f_utils_patched.o)' has no symbols
warning: libraw-sys@0.22.2: ranlib: warning: 'libphotoctl_libraw.a(8dc2014eb62c13dc-rawspeed_glue.o)' has no symbols
warning: libraw-sys@0.22.2: ranlib: warning: 'libphotoctl_libraw.a(e1b66968ee936791-apply_profile.o)' has no symbols
warning: libraw-sys@0.22.2: ranlib: warning: 'libphotoctl_libraw.a(c2d802da71f94854-x3f_parse_process.o)' has no symbols
warning: libraw-sys@0.22.2: ranlib: warning: 'libphotoctl_libraw.a(c2d802da71f94854-x3f_utils_patched.o)' has no symbols
   Compiling photoctl-image v0.1.0 (/Users/david/dev/photoctl/crates/photoctl-image)
    Finished `dev` profile [unoptimized + debuginfo] target(s) in 0.92s
packages/img-darwin-arm64/photoctl-image.darwin-arm64.node: replacing existing signature
Packaged packages/img-darwin-arm64/photoctl-image.darwin-arm64.node

 RUN  v3.2.7 /Users/david/dev/photoctl

 ✓ apps/cli/src/search-embed.test.ts (5 tests) 47553ms
   ✓ auto import reports queued cost and the built CLI streams keyless text hits  1756ms
   ✓ a running daemon applies the importing command's embedding key and cache root  1903ms
   ✓ a foreground tag quiesces an in-flight worker and then resumes it  2316ms
   ✓ a foreground embed emits progress while one provider request is still in flight  7312ms
   ✓ daemon search stays alive through provider retry and returns text fallback  34265ms
 ✓ apps/cli/src/daemon-lifecycle.test.ts (18 tests) 36895ms
   ✓ daemon start returns its verified status without probing again  1158ms
   ✓ a disconnected control client does not kill the daemon  3745ms
   ✓ a lost response does not replay a committed command  1041ms
   ✓ init leaves its new library served by the daemon  1407ms
   ✓ init remains successful when its optional daemon start fails  1039ms
   ✓ a failed daemon startup reports its 'exit' and releases the inherited lock  1773ms
   ✓ a failed daemon startup reports its 'signal' and releases the inherited lock  1832ms
   ✓ the first ordinary command starts one daemon and status reports it  1954ms
   ✓ an idle daemon accepts an uncontended request with a zero lock budget  1678ms
   ✓ no-daemon stops a live daemon before opening the library in-process  1814ms
   ✓ daemon stop does not report success while a live holder is unresponsive  1900ms
   ✓ a command respawns the daemon after an unclean kill  1991ms
   ✓ a stale socket payload owned by a dead pid is replaced once  1585ms
   ✓ a dead socket with a live-looking pid reports the replacement daemon  1552ms
   ✓ an accepting impostor reports an unknown outcome before explicit recovery  1815ms
   ✓ a live daemon from another photoctl version stops before replacement  1900ms
   ✓ removing the library mount causes a graceful daemon stop  1513ms
   ✓ the imported-image journey runs through one persistent daemon handle  7197ms
 ✓ apps/cli/src/embed-drain.test.ts (1 test) 23593ms
   ✓ rate p95 stays within 2x warm show p50 while thirty embedding batches drain  23593ms
 ✓ apps/cli/src/first-jpeg.test.ts (13 tests) 51530ms
   ✓ imports one linked ARW and returns its photo id  1688ms
   ✓ show preserves fixture metadata and shot offset across host timezones  2586ms
   ✓ show reports limited offline detail and promotes it when the full source returns  10707ms
   ✓ export renders the full source as a profiled delivery JPEG  8862ms
   ✓ offline export renders the pinned preview and warns  2664ms
   ✓ offline export without a pinned preview returns the stable unavailable envelope  2689ms
   ✓ import counts an unsupported file without opening it as a photo  1759ms
   ✓ import skips plain text without creating a photo  2292ms
   ✓ import skips truncated TIFF without creating a photo  2227ms
   ✓ a bad export id does not starve a later valid photo  7897ms
   ✓ an offline volume is authoritative before import inspects source bytes  1451ms
   ✓ reimport returns the same photo id and locator  3286ms
   ✓ reimport repairs a missing pinned preview  3420ms
 ✓ apps/cli/src/outpaint-journey.test.ts (3 tests) 41172ms
   ✓ built CLI preserves outpaint pixels through repeat, removal, undo, refresh and offline export: 'cropped-away support'  12925ms
   ✓ built CLI preserves outpaint pixels through repeat, removal, undo, refresh and offline export: 'outside original support'  15696ms
   ✓ cold offline outpaint retains its native border and promotes original detail after reconnect  12550ms
 ✓ packages/commands/src/full-frame-geometry.test.ts (28 tests) 41856ms
   ✓ retouch accepts a generated corner only while its photographic layer supplies coverage  2230ms
   ✓ preview metadata follows the reused deterministic execution's source tier  1007ms
   ✓ non-power reduced retained input can refresh inside its captured fractional viewport  1107ms
   ✓ reconstructed reduced input cannot outrank a better available pinned source  1042ms
   ✓ a retained native photographic input outranks a smaller pinned fallback  961ms
   ✓ retained-only show after full-frame refresh works with both original and pinned source absent  1533ms
   ✓ retained-only export after full-frame refresh works with both original and pinned source absent  1740ms
   ✓ retained-only display never replays a missing paid artifact  1274ms
   ✓ retained-only display never replays a corrupt paid artifact  1394ms
   ✓ unusable missing retained full-frame input never purchases replacement pixels  1160ms
   ✓ unusable corrupt retained full-frame input never purchases replacement pixels  1370ms
   ✓ a lost full-frame refresh response leaves the active branch intact and is not replayed by show  1418ms
   ✓ full-frame refresh keeps its authored viewport while applying current photometric develop  1840ms
   ✓ refresh honors captured predecessor enablement and removal rather than today's stack  2130ms
   ✓ unchanged deterministic full-frame response preserves intermediate-strength pixels on refresh  1443ms
   ✓ generated detail at strength 0 cannot certify a reduced original as native  1198ms
   ✓ generated detail at strength 0.35 cannot certify a reduced original as native  1250ms
   ✓ generated detail at strength 1 cannot certify a reduced original as native  1457ms
   ✓ transforming a cropped retouch preserves its authored mask placement  2032ms
   ✓ full-frame edits retain cropped coordinates through show, toggle, later crop, remove and undo  2246ms
   ✓ full-frame publication failure leaves the active photo intact and retains purchased bytes  1289ms
   ✓ relight transmits the photographic predecessors while leaving visible markup editable  1781ms
   ✓ straightened full-frame generation applies strength 0 exactly once  1457ms
   ✓ straightened full-frame generation applies strength 0.35 exactly once  1451ms
   ✓ straightened full-frame generation applies strength 1 exactly once  1439ms
   ✓ same-size shifted viewports never move a full-frame purchase with the crop  1681ms
   ✓ a concurrent revision wins without losing the rejected full-frame purchase  1325ms
   ✓ explicit full-frame refresh purchases its captured predecessors without consuming itself or successors  1595ms
 ✓ packages/commands/src/paired-import.test.ts (20 tests) 32582ms
   ✓ paired import is one logical photo with independently identified RAW and JPEG originals  3461ms
   ✓ a valid ARW survives a corrupt JPG regardless of companion-only policy  1144ms
   ✓ a valid JPG survives a corrupt ARW regardless of companion-only policy  1394ms
   ✓ camera JPEG keeps its own full dimensions and cache across RAW edits  5799ms
   ✓ late pairing preserves existing raw edit ownership  1617ms
   ✓ late pairing preserves existing jpeg edit ownership  1367ms
   ✓ late pairing preserves existing both edit ownership  1066ms
   ✓ an existing pair cannot acquire a second distinct JPEG but accepts another locator  1514ms
   ✓ an online camera JPEG does not make a missing RAW primary available  1944ms
   ✓ content preflight reports progress before catalog admission begins  1281ms
   ✓ replacing bytes at an imported locator cannot reparent that locator  1211ms
   ✓ same-stem originals with contradictory capture metadata are not paired  1216ms
   ✓ ambiguous case-folded stems do not starve an unrelated valid original  2063ms
   ✓ explicit raw ignores ambiguity only in the excluded kind  1474ms
   ✓ explicit jpeg ignores ambiguity only in the excluded kind  1017ms
   ✓ explicit raw companion policy retains only selected paired originals  827ms
   ✓ explicit jpeg companion policy retains only selected paired originals  906ms
   ✓ explicit both companion policy retains only selected paired originals  1153ms
   ✓ failure copying the JPEG rolls back the already copied RAW and pair publication  960ms
   ✓ paired copy retains both original byte streams and logical removal trashes both  1164ms
 ✓ packages/commands/src/outpaint-canvas.test.ts (28 tests) 32474ms
   ✓ retouch rejects an excluded corner inside a rotated border viewport at straighten 0 without a revision  1301ms
   ✓ retouch rejects an excluded corner inside a rotated border viewport at straighten 5 without a revision  986ms
   ✓ SAM sees source-only pixels in the expanded canvas without reactivating its consumed crop  878ms
   ✓ SAM retains inherited source exclusions after an earlier border is removed  911ms
   ✓ offline SAM grounding retains the canvas viewport at source-only density beside native border pixels  900ms
   ✓ canvas publication rejects mismatched intrinsic pixels without activating a border  749ms
   ✓ a border transform moves its full intrinsic pixels and extent without moving the original interior  963ms
   ✓ a later expansion preserves the complete visible input after an earlier border moves  1170ms
   ✓ coincident border copies preserve authored support until the final copy is cleared  982ms
   ✓ border reorder changes overlapping paint without changing the authored canvas or original interior  1076ms
   ✓ an arbitrary border rotation moves its ring and hole while original pixels stay fixed  1088ms
   ✓ an exterior crop keeps the available offline density instead of inventing full-resolution pixels  1005ms
   ✓ a full-density border remains native when only the original source falls back to a smaller preview  1185ms
   ✓ an invisible border cannot raise offline sampling inside its transparent hole  882ms
   ✓ shrinking a high-density border inside the original does not enlarge native output sampling  878ms
   ✓ uncovered canvas status survives cached show and skipped export and ignores intentional border opacity  1059ms
   ✓ removing the last border retains an exterior crop and makes only unsupported coordinates black  1094ms
   ✓ new original-only crops may be partly exterior but reject disjoint and unsafe enlargement before a revision  831ms
   ✓ a new crop validates the visible intersection after its requested aspect constraint  713ms
   ✓ aspect activation restricts the authored canvas without reactivating its consumed crop  1417ms
   ✓ post-border aspect precedes the replaceable orientation tail and restores exact authored pixels  2313ms
   ✓ new crop validation ignores a consumed aspect instead of refusing a visible intersection  934ms
   ✓ auto-enhance and its undo inherit consumed geometry without reactivating restrictions  1226ms
   ✓ preset overlays preserve consumed crop while copy and reset explicitly replace its intent  1241ms
   ✓ revision undo restores border pixels and consumed geometry after removal and a later crop  991ms
   ✓ a deterministic border expands the cropped rotated photograph and survives ordinary layer edits  1894ms
   ✓ straightened borders preserve inherited exclusions and restore the current controls when disabled  2580ms
   ✓ a post-border local layer retains extension pixels while a pre-border hidden layer stays excluded  1223ms
 ✓ apps/cli/src/backup-restore.test.ts (9 tests) 26879ms
   ✓ the real CLI restores imported photo identities and content keys  3861ms
   ✓ invalid restore SQL reports catalog_unreadable without replacing the library  2965ms
   ✓ restore reports exit 75 while another process holds the library  2028ms
   ✓ the daemon creates one automatic backup and deduplicates successful opens  1754ms
   ✓ a persistent daemon reports the current fresh schema on repeated migrate  2061ms
   ✓ an automatic backup failure is logged without failing library work  2191ms
   ✓ direct no-daemon commands never create automatic snapshots  1921ms
   ✓ restore stops a live daemon and performs the directory swap directly  4483ms
   ✓ restore --path replaces a mismatched Postgres cluster with a current dump  5614ms
 ✓ apps/cli/src/export-integrity.test.ts (8 tests) 40395ms
   ✓ export falls back when linked bytes change without an mtime change  3337ms
   ✓ export accepts matching linked content after an mtime-only touch  10700ms
   ✓ export tries later catalogued locators when the first source is gone  11225ms
   ✓ a corrupt pinned preview returns the stable offline envelope  3264ms
   ✓ a changed online source falls back to the pinned preview with a warning  3238ms
   ✓ a destination write failure returns a stable volume error envelope  2705ms
   ✓ an all-failed heterogeneous export is partial regardless of input order  3770ms
   ✓ an all-failed homogeneous export retains the shared error code  2155ms
 ✓ apps/cli/src/camera-jpeg.test.ts (3 tests) 38080ms
   ✓ camera JPEG DSC07730.JPG retains metadata and upright pixels through import, offline preview and delivery  16684ms
   ✓ camera JPEG DSC09903.JPG retains metadata and upright pixels through import, offline preview and delivery  10785ms
   ✓ camera JPEG DSC08819.JPG retains metadata and upright pixels through import, offline preview and delivery  10609ms
 ✓ apps/cli/src/agent-preview-loop.test.ts (1 test) 40357ms
   ✓ the built CLI keeps agent previews current through fill, opacity, retouch, generative, and markup revisions  40356ms
 ✓ apps/cli/src/paired-originals-journey.test.ts (2 tests) 36999ms
   ✓ built CLI preserves unequal RAW/JPEG originals through editing, delivery and offline access: --link  17235ms
   ✓ built CLI preserves unequal RAW/JPEG originals through editing, delivery and offline access: --copy  19763ms
 ✓ packages/commands/src/fill-strict.test.ts (18 tests) 27345ms
   ✓ historical fill frames recover without replaying paid generation  3069ms
   ✓ strict fill commits generated pixels through a mask composite without changing uncovered samples  1551ms
   ✓ same-ratio provider dimensions remain intrinsic until the graph placement  1553ms
   ✓ strict fill rejects a whole-frame provider result with data exit 65 and no revision  1458ms
   ✓ a smaller provider raster remains intrinsic for density planning  1329ms
   ✓ an unexplained provider aspect change is discarded before graph activation  1271ms
   ✓ expanded fill changes the final document outside the selection and preserves its effective exterior  1836ms
   ✓ moving an expanded edge selection anchors the subject and vacancy to original selection intent  1437ms
   ✓ feather coverage is applied once through fill, fractional transforms, and refresh  2051ms
   ✓ develop projection preserves single coverage: 'fractional online'  1597ms
   ✓ develop projection preserves single coverage: 'fractional offline'  1683ms
   ✓ develop projection preserves single coverage: 'same-size rotation'  1549ms
   ✓ develop projection preserves single coverage: 'origin crop'  1478ms
   ✓ renderer correction bypasses warmed old pixels and views without replaying paid generation  1214ms
   ✓ free fit softens selection and explicit zero strength removes feather without growing the next selection  1276ms
   ✓ free fit accepts declared whole-frame edits while the effective mask still owns coverage  1346ms
   ✓ invalid fit and strength fail before generation or revision changes  772ms
   ✓ prompt fill stores the exact instruction in its immutable generation recipe  871ms
 ✓ packages/commands/src/outpaint-refresh.test.ts (10 tests) 15290ms
   ✓ camera JPEG refresh retains its cropped provider frame and updates photographic input  5479ms
   ✓ outpaint retry reuses pinned generation after current edits and retries only failed density  1098ms
   ✓ failed outpaint refresh preserves the active snapshot while retaining reusable preparation  1076ms
   ✓ outpaint refresh rejects a source edit during generation through a shared handle  940ms
   ✓ refresh preserves a moved border's placement and does not expand its authored provider frame  1094ms
   ✓ outpaint refresh samples current source edits inside its fixed authored frame  1095ms
   ✓ density-only outpaint refresh keeps its pinned generation despite current edits  1022ms
   ✓ refresh excludes later photographic paint even after it is reordered below the border  1187ms
   ✓ removing an authored predecessor does not revive excluded source pixels during refresh  1149ms
   ✓ refresh samples an authored predecessor's current enabled state and opacity  1146ms
 ✓ packages/commands/src/layer-density-transform.test.ts (16 tests) 15348ms
   ✓ generated layer density transforms > generated movement and shrinking use pinned density without reading provider configuration  1210ms
   ✓ generated layer density transforms > fill preserves its branch identity and refuses stale activation after settings lookup  1044ms
   ✓ generated layer density transforms > layer preserves its branch identity and refuses stale activation after settings lookup  1002ms
   ✓ generated layer density transforms > combined move and scale commits density and vacancy in the same revision  1018ms
   ✓ generated layer density transforms > a failed combined scale keeps prior pixels and plain moves do not retry it  935ms
   ✓ generated layer density transforms > a concurrent edit retains combined-scale output without publishing a vacancy or replaying  936ms
   ✓ generated layer density transforms > combined move refuses border layers without changing outpaint or invoking providers  839ms
   ✓ generated layer density transforms > a larger uniform scale runs the smallest sufficient upscale from generation  971ms
   ✓ generated layer density transforms > auto intent survives a sufficient no-upscale fill for later scaling  854ms
   ✓ generated layer density transforms > an explicit no-upscale refill replaces earlier automatic density intent  956ms
   ✓ generated layer density transforms > density growth is relative to scale already baked into generation input  920ms
   ✓ generated layer density transforms > an adapter upgrade is paid once and then reuses its exact direct child  943ms
   ✓ generated layer density transforms > a limit-bound upscale reports the density planner warning  904ms
   ✓ generated layer density transforms > move, flip, and quarter rotation reuse pinned pixels without provider availability  924ms
   ✓ generated layer density transforms > a failed larger upscale still commits the transform with the best prior pixels  868ms
   ✓ generated layer density transforms > a layer transformed before fill rebases onto affine placement  1021ms
 ✓ packages/library/src/restore.test.ts (8 tests) 13460ms
   ✓ restore replaces changed rows with the validated snapshot  1694ms
   ✓ metadata restore preserves live library presets  1384ms
   ✓ invalid SQL leaves the original library byte-for-byte usable  1209ms
   ✓ a process interruption between directory renames is refused by open and rolled back on retry  2396ms
   ✓ a process interruption after promotion but before its journal update restores the original  2390ms
   ✓ a crash during rollback deletion keeps the committed promoted library  1716ms
   ✓ a failure publishing the first journal releases both locks and removes the stage  1351ms
   ✓ restore rejects a dump with a future migration ledger and preserves the original  1319ms
 ✓ packages/commands/src/segment-text-fake.test.ts (14 tests) 14730ms
   ✓ segmentation rejects a revision changed during inference through a shared handle (existing=false)  938ms
   ✓ segmentation rejects a revision changed during inference through a shared handle (existing=true)  727ms
   ✓ slow SAM initialization reports progress before inference can proceed  5695ms
   ✓ failed local initialization emits runtime diagnostics through command stderr events  607ms
   ✓ empty production grounding preserves JPEG bytes without encoding or evicting features  740ms
   ✓ production text grounding uses the cropped render box and commits masks in base coordinates  847ms
   ✓ default command adapter segments pinned develop pixels and dry-run leaves graph rows untouched  815ms
   ✓ production SAM reports missing model files before touching the document  616ms
   ✓ SAM uses the catalog's already-oriented portrait dimensions  609ms
   ✓ text grounding creates one base-coordinate mask layer per returned instance  689ms
   ✓ text dry-run returns grounded masks without creating graph or layer rows  611ms
   ✓ point segmentation preserves every point and an optional box in base coordinates  606ms
   ✓ text with no grounded matches succeeds without creating a revision  603ms
   ✓ a non-positive SAM box is rejected before local segmentation  626ms
 ✓ apps/daemon/src/workers/embed-consent.test.ts (17 tests) 14464ms
   ✓ ambient credentials do no image work until embed or init auto supplies consent  878ms
   ✓ a command can refresh the worker key and cache context after daemon startup  650ms
   ✓ a retryable short batch wakes at cooldown even after a foreground kick  717ms
   ✓ automatic embedding stops after one configuration failure and resumes on refreshed context  988ms
   ✓ one HTTP 400 image rejection does not configuration-pause later photos  668ms
   ✓ worker stop aborts an in-flight provider request  617ms
   ✓ foreground pause reaches a database-safe point before a transaction and resumes  711ms
   ✓ worker stop interrupts provider retry backoff  663ms
   ✓ a successful provider call with a failed catalog write escapes and stops automatic work  727ms
   ✓ a slow failing sweep attempts more than 100 photos in catalog order  4052ms
   ✓ one missing preview does not starve later items in embed --all  746ms
   ✓ embed --all reports totals while bounding retained per-photo failures  724ms
   ✓ explicit embed batches reject input that cannot have a bounded response  726ms
   ✓ explicit embed rejects an oversized ID without echoing it  846ms
   ✓ explicit duplicate IDs finish progress for every returned item  747ms
 ✓ apps/cli/src/library-lifecycle.test.ts (13 tests) 21828ms
   ✓ init creates a library with default settings  1112ms
   ✓ doctor reports persisted library settings  1990ms
   ✓ doctor rejects positional arguments  1811ms
   ✓ init refuses to replace an existing library  2713ms
   ✓ doctor waits for a live library holder and succeeds after release  2503ms
   ✓ doctor reports the live holder when its lock budget expires  1892ms
   ✓ doctor reclaims a lock left by a dead process  1801ms
   ✓ SIGINT releases the library lock  2352ms
   ✓ SIGTERM releases the library lock  2417ms
   ✓ doctor recovers after a holder is killed without cleanup  2693ms
 ✓ packages/commands/src/show.test.ts (10 tests) 12063ms
   ✓ unedited default show uses the pinned overview without publishing full graph artifacts  1544ms
   ✓ show preserves the exact 'reduced' frame through native and cached detail  1249ms
   ✓ show preserves the exact 'full' frame through native and cached detail  1182ms
   ✓ show normalizes empty stored metadata to the public nullable shape  1367ms
   ✓ show warns when an online locator cannot provide the catalogued source  1084ms
   ✓ show preserves a preview-cache destination failure  789ms
   ✓ show indexes a derived preview only after returning a readable artifact  893ms
   ✓ show materializes pixels from the active global develop node  1240ms
   ✓ show derives overview and detail from the current native master  1308ms
   ✓ show reports and renders the active base-space crop and quarter-turn  1405ms
 ✓ packages/commands/src/crop.test.ts (9 tests) 14955ms
   ✓ auto crop reports progress while photographic evaluation is pending  6422ms
   ✓ crop abstains on blank photographic output despite strong vector markup and still applies explicit aspect  1045ms
   ✓ crop composes a residual with manual straighten, then repeated level detection is a revision no-op  1336ms
   ✓ crop uses the quarter-turned photographic view and the pinned offline source  1342ms
   ✓ auto rotates the visible expanded canvas without reactivating its consumed crop  1336ms
   ✓ crop refuses to commit an estimate when another edit wins after the photographic snapshot  1113ms
   ✓ conflicting photographic lines leave the revision and straighten untouched  1113ms
   ✓ auto bounds large odd-sized photographic rasters without changing their line direction  1246ms
 ✓ apps/cli/src/file-source.test.ts (6 tests) 15319ms
   ✓ accepted file-source images import and export without descriptive EXIF  4809ms
   ✓ an oriented whole-file image is not rotated again from its pinned preview  2429ms
   ✓ a missing extensionless source is not reported as a skipped format  1635ms
   ✓ directory import admits supported top-level files  1980ms
   ✓ a PNG with a JPEG extension is rendered instead of copied into a false JPEG  2455ms
   ✓ an unusable cache root returns a stable JSON destination error  2009ms
 ✓ packages/render/src/graph/store.test.ts (23 tests) 15395ms
   ✓ strict initial document snapshots admit only one concurrent initializer  1039ms
   ✓ photographic revisions derive output from the resolved layer snapshot and refuse competing output intent  790ms
   ✓ geometry intent is an immutable inherited revision root, restored by undo without pixel executions  962ms
   ✓ one revision atomically stores a chain with ordered shared inputs and redirects output  778ms
   ✓ concurrent source document initialization converges on one active revision  710ms
   ✓ logical mutations are immutable, lazy, CAS-protected, and undoable  696ms
   ✓ local cycles and cross-photo edges roll back without partial graph state  679ms
   ✓ the same logical recipe is valid in two photo-scoped graphs  620ms
   ✓ revision inheritance stays in its photo when revision UUIDs repeat  461ms
   ✓ a paid nondeterministic ancestor cannot become active before artifact publication  463ms
   ✓ unreachable drafts and node-only revisions are refused without debris  463ms
   ✓ a prepared provider execution must be reachable from the resulting roots  551ms
   ✓ a revision may redirect its root to an existing node without adding nodes  568ms
   ✓ a layer-free base update advances the identical output projection  558ms
   ✓ layer mutations create immutable complete snapshots and exact composite-v2 projections  631ms
   ✓ invalid layer relationships and composite projections roll back every new identity and node  659ms
   ✓ an unpublished permanent mask pin cannot enter an active snapshot  661ms
   ✓ an output wrapper cannot relabel RGB pixels as a mask  621ms
   ✓ an RGB-only operation cannot relabel a mask branch as layer content  638ms
   ✓ an activated RGB branch cannot hide an unpublished permanent mask pin  687ms
   ✓ a permanent mask cannot become the document's RGB base and output  734ms
   ✓ affine resample accepts only its declared intrinsic RGB input  726ms
   ✓ layer identity lookup accepts only a full id or an unambiguous photo-scoped prefix  697ms
 ✓ apps/cli/src/retouch-journey.test.ts (3 tests) 15727ms
   ✓ the built CLI retouches once, materializes lazily, and exports the current pixels  7116ms
   ✓ oriented uncropped retouch coordinates map into the current cropped rotation  4757ms
   ✓ a real orientation-6 import uses its persisted oriented coordinate space  3853ms
 ✓ packages/img/src/highlight-reconstruction.test.ts (5 tests) 16495ms
   ✓ source probe plans the same effective method as actual native decode  2220ms
   ✓ explicit native reconstruction removes candle false color without replacing RAW headroom  3245ms
   ✓ native reconstruction preserves real orange light detail and reliable scene samples exactly  3339ms
   ✓ reconstruction runs on native neighborhoods before both reductions, without a second WB  5983ms
   ✓ disabled reconstruction keeps camera-space and its scaled front exactly; reduced RGB is honest  1707ms
 ✓ packages/render/src/graph/evaluator.test.ts (20 tests) 15418ms
   ✓ equal pixels retain distinct source treatment through deterministic descendants  1189ms
   ✓ equal RGB artifacts do not collapse executions with different realized frames  838ms
   ✓ structured sources expose decode failure without masking graph errors  679ms
   ✓ affine resample translates an intrinsic RGB image onto a protected zero canvas  745ms
   ✓ affine resample applies a uniform scale directly into the output canvas  738ms
   ✓ affine resample quarter-rotates exactly and clips pixels outside the canvas  750ms
   ✓ historical resample v1 recipes remain evaluable  707ms
   ✓ evaluation failure before publication or database commit cannot create active missing state  724ms
   ✓ deterministic evaluations reuse while nondeterministic attempts retain distinct identities  757ms
   ✓ external nodes cannot commit a successful execution without provider provenance  690ms
   ✓ provider provenance cannot disagree with the immutable node recipe  710ms
   ✓ source fallback keeps render state stable while recording a distinct source execution  745ms
   ✓ markup and develop geometry scale from catalog space to a smaller evaluated source  836ms
   ✓ changed source pixels at the same locator create a new source evaluation  724ms
   ✓ develop nodes run the native global grade without caller-supplied operations  776ms
   ✓ develop exposure acts on preserved scene-linear values above the display ceiling  810ms
   ✓ delta nodes compensate an existing scene-linear branch through the native evaluator  823ms
   ✓ delta nodes apply bounded white-balance compensation in scene-linear space  744ms
   ✓ a requested execution id belongs only to the top nondeterministic node  740ms
   ✓ reevaluation repairs missing and corrupt canonical artifacts  691ms
 ✓ packages/commands/src/fill-provider-runtime.test.ts (4 tests) 12816ms
   ✓ the built CLI reaches the reserved instruction-composite profile through real HTTP  2486ms
   ✓ a fixture URL alone cannot bypass unverified native-mask safety  2330ms
   ✓ a wrong-aspect fixture response leaves the active revision unchanged  3818ms
   ✓ a reported whole-frame fixture response leaves the active revision unchanged  4182ms
 ✓ packages/commands/src/fill-upscale-policy.test.ts (11 tests) 14897ms
   ✓ fill upscale policy > changing only upscale policy preserves the generation attempt across execution aliases  1826ms
   ✓ fill upscale policy > configured auto upscale owns policy and inserts one upscale before placement  1293ms
   ✓ fill upscale policy > --no-upscale overrides configured auto without calling the adapter  1185ms
   ✓ fill upscale policy > unconfigured auto preserves the successful generation with a soft warning  1194ms
   ✓ fill upscale policy > sufficient intrinsic generation skips the paid upscaler  1216ms
   ✓ fill upscale policy > --upscale-model implies enabled and overrides an off library model  1275ms
   ✓ fill upscale policy > adapter limits use the largest valid scale and report unsatisfied output density  1310ms
   ✓ fill upscale policy > a reversible provider frame is cropped before the single exact placement  1451ms
   ✓ fill upscale policy > source limits remain separate when output density is satisfied  1277ms
   ✓ fill upscale policy > a matching cached upscale is reused before exact placement  1417ms
   ✓ fill upscale policy > a cached upscale from another adapter version is rejected while generation is reused  1451ms
 ✓ packages/commands/src/export-protection.test.ts (13 tests) 16885ms
   ✓ export overwrite preserves the self catalog original  1619ms
   ✓ export overwrite preserves the other catalog original  1309ms
   ✓ export overwrite preserves the copied catalog original  1085ms
   ✓ export overwrite preserves the file-alias catalog original  1167ms
   ✓ export overwrite preserves the directory-alias catalog original  1204ms
   ✓ export overwrite preserves the missing catalog original  1305ms
   ✓ export overwrite preserves the companion catalog original  1732ms
   ✓ export overwrite preserves the prior-volume catalog original  1192ms
   ✓ export overwrite preserves the recreated-mount catalog original  1188ms
   ✓ delivery overwrite ignores absent mounts but not lookup failures: false  1211ms
   ✓ delivery overwrite ignores absent mounts but not lookup failures: true  1330ms
   ✓ delivery overwrite ignores absent mounts but not lookup failures: EACCES  1308ms
   ✓ delivery overwrite ignores absent mounts but not lookup failures: EIO  1233ms
 ✓ packages/commands/src/develop.test.ts (10 tests) 13616ms
   ✓ develop resolves a preset before set and persists the exact resolved dictionary  2072ms
   ✓ unset, reset, and copy-from replace state without accumulating edit history  2059ms
   ✓ reset can establish an identity base before a preset and explicit set  1645ms
   ✓ library presets override package presets and are returned as resolved data  1519ms
   ✓ develop keeps successful items in a mixed batch and reports the missing input  1273ms
   ✓ per-photo graph read and commit failures do not starve the develop batch  1354ms
   ✓ a per-photo mutation validation failure becomes a batch result  904ms
   ✓ develop rejects a new crop disjoint from the visible canvas before committing it  798ms
   ✓ replaying an absolute mutation returns the same develop and render identities  1025ms
   ✓ develop reports compensated and stale layer identities with a non-blocking stale warning  966ms
 ✓ apps/cli/src/show-path.test.ts (3 tests) 10513ms
   ✓ show resolves an existing photo by absolute, relative and symlink paths without importing  2983ms
   ✓ show does not import unknown paths or confuse volume identity, and IDs retain offline access  4579ms
   ✓ show resolves library-owned originals after the external source disappears  2950ms
 ✓ apps/cli/src/decoder-libraw.test.ts (3 tests) 12301ms
   ✓ the built CLI decodes the LibRaw fixture: 'a7c2-lossless-l.ARW'  5564ms
   ✓ the built CLI decodes the LibRaw fixture: 'a7c2-lossy.ARW'  3873ms
   ✓ the built CLI decodes the LibRaw fixture: 'a7c2.ARW'  2863ms
 ✓ apps/cli/src/concurrency-race.test.ts (2 tests) 9699ms
   ✓ eight real clients append every requested tag without losing a row  7604ms
   ✓ queue overflow fails loudly and commits every accepted batch in full  2095ms
 ✓ packages/commands/src/outpaint-density-transform.test.ts (8 tests) 8737ms
   ✓ outpaint refresh introduces density work when the first generation needed none  1211ms
   ✓ new refresh density demand cannot bypass provider consent  907ms
   ✓ outpaint refresh replans upscale density after a failed enlargement  1083ms
   ✓ deterministic border placement retains independent native RGB and mask rasters  1017ms
   ✓ native-density border keeps live interior, opacity, reversible extent and cached density  1363ms
   ✓ pinned outpaint retry does not decode its historical photographic input  944ms
   ✓ explicit outpaint retry satisfies moved enlarged density without generating again  1210ms
   ✓ enlarged outpaint retains native upscaler detail without regenerating its border  1000ms
 ✓ packages/commands/src/source-treatment.test.ts (1 test) 8804ms
   ✓ ordinary RAW rendering uses the measured native treatment while an untouched overview stays cheap  8804ms
 ✓ apps/cli/src/full-frame-journey.test.ts (1 test) 8231ms
   ✓ built CLI preserves full-frame source promotion and explicit refresh lifecycle  8231ms
 ✓ packages/commands/src/develop-format-matrix.test.ts (1 test) 8171ms
   ✓ develop renders whole-file, embedded-container, and extensionless inputs  8171ms
 ✓ packages/commands/src/provider-retention.test.ts (6 tests) 7965ms
   ✓ source-less generation retains its exact wrongaspect response with corrupt backup files  2221ms
   ✓ source-less generation retains its exact wrongaspect response with intact backup files  1749ms
   ✓ source-less generation retains its exact wrongaspect response with missing backup files  1632ms
   ✓ source-less generation retains its exact normal response with intact backup files  890ms
   ✓ source-less generation retains its exact commit-failure response with intact backup files  780ms
   ✓ source-less generation retains its exact cache-failure response with intact backup files  692ms
 ✓ packages/commands/src/cull.test.ts (12 tests) 7926ms
   ✓ rate reports a missing item without starving valid photos  928ms
   ✓ list filters and orders catalog rows while resolving current online state  681ms
   ✓ limited list checks only returned originals and refreshes volume availability  643ms
   ✓ limited stale-XMP list counts every match before materializing availability  663ms
   ✓ next keeps an independent ordered cursor per filter and reset rewinds it  729ms
   ✓ next advances its cursor only after the pinned preview is deliverable  718ms
   ✓ streamed list pages rows in order and waits for each consumer  832ms
   ✓ removing several photos requires explicit confirmation before any mutation (["--from-disk"])  768ms
   ✓ removing several photos requires explicit confirmation before any mutation ([])  676ms
   ✓ remove restores source, cache and graph when post-teardown failure is false  638ms
   ✓ remove restores source, cache and graph when post-teardown failure is true  649ms
 ✓ packages/commands/src/fill-upscale-failure.test.ts (8 tests) 7598ms
   ✓ fill upscale failure retention > upscale capture persistence failure aborts the fill without discarding its earlier paid original  1064ms
   ✓ fill upscale failure retention > transport-failure keeps generation active without publishing an upscale node  947ms
   ✓ fill upscale failure retention > wrong-aspect keeps generation active without publishing an upscale node  872ms
   ✓ fill upscale failure retention > too-small keeps generation active without publishing an upscale node  829ms
   ✓ fill upscale failure retention > corrupt keeps generation active without publishing an upscale node  1006ms
   ✓ fill upscale failure retention > retry reports the source context pinned to the reused generation  990ms
   ✓ fill upscale failure retention > a changed instruction is not mistaken for an upscale-only retry  972ms
   ✓ fill upscale failure retention > a noncanonical composite is not mistaken for an upscale-only retry  917ms
 ✓ packages/commands/src/fill-refresh.test.ts (7 tests) 6866ms
   ✓ fill branch refresh > generation refresh adopts current develop and rebuilds deterministic descendants  1280ms
   ✓ fill branch refresh > upscale refresh reuses generation and creates a new pinned execution  947ms
   ✓ fill branch refresh > refresh records the currently executing adapter and model versions  1052ms
   ✓ fill branch refresh > upscale refresh still requires configured provider consent  830ms
   ✓ fill branch refresh > generation refresh rebases a transformed pre-fill input onto current pixels  999ms
   ✓ fill branch refresh > generation refresh renormalizes placement when intrinsic dimensions change  927ms
   ✓ fill branch refresh > refresh refuses a lookalike branch that is not the canonical strict fill recipe  830ms
 ✓ packages/commands/src/decode.test.ts (6 tests) 7642ms
   ✓ decode publishes a new TIFF without replacing output  910ms
   ✓ decode publishes a new TIFF without replacing occupied  816ms
   ✓ decode publishes a new TIFF without replacing hardAlias  746ms
   ✓ decode publishes a new TIFF without replacing symbolicAlias  749ms
   ✓ decode publishes a new TIFF without replacing source  726ms
   ✓ decode writes native decoder output through the shared 16-bit TIFF boundary  3694ms
 ✓ packages/commands/src/generate.test.ts (9 tests) 7327ms
   ✓ reference-only generation sends variation intent and retains its source without importing it  1233ms
   ✓ generation refuses an unsupported required reference before buying an unrelated image (strength=false)  741ms
   ✓ generation refuses an unsupported required reference before buying an unrelated image (strength=true)  627ms
   ✓ reference-guided generation retains an immutable reachable image without importing another photo  922ms
   ✓ generate imports the canonical provider artifact with durable provenance and no automatic upscale  890ms
   ✓ explicit generate upscale reaches the requested size and sends a normalized reference  848ms
   ✓ generate provider geometry failure leaves no catalog or graph state  689ms
   ✓ generate without gateway credentials fails before catalog mutation  642ms
   ✓ explicit upscale preserves provider pixels that already cover the requested size  736ms
 ✓ apps/cli/src/human-output.test.ts (8 tests) 9287ms
   ✓ a mixed batch renders one row per input and the aggregate summary  3101ms
   ✓ human output includes envelope warnings without changing success  3177ms
   ✓ --human leaves daemon NDJSON events on stderr  2041ms
 ✓ apps/cli/src/offline-preview.test.ts (3 tests) 6792ms
   ✓ every accepted file image has the same source-independent offline JPEG preview  3066ms
   ✓ copy imports preserve the same contract from a library-owned original  1720ms
   ✓ reimport repairs a corrupt file-image preview  2006ms
 ✓ packages/commands/src/fill-move.test.ts (7 tests) 6436ms
   ✓ combined move and scale multiplies current geometry in one vacancy revision  1138ms
   ✓ combined scale preserves rotation and uses oriented normalized target coordinates  839ms
   ✓ manual movement and transforms do not depend on provider configuration  829ms
   ✓ fill --move moves subject pixels and mask atomically while retaining one original vacancy  968ms
   ✓ vacancy warnings follow the snapped active revision even when export skips evaluation  914ms
   ✓ develop reports and counts only photographic layers while vacancy pixels remain exact  977ms
   ✓ fill --move validates its exclusive coordinate modes and subject role  771ms
 ✓ packages/commands/src/fill-input-frame.test.ts (5 tests) 5683ms
   ✓ fill samples authored coordinates from 'nonorigin crop' and refreshes them  1329ms
   ✓ fill samples authored coordinates from 'quarter rotation' and refreshes them  1047ms
   ✓ fill samples authored coordinates from 'fractional straighten' and refreshes them  982ms
   ✓ fill samples authored coordinates from 'offline density' and refreshes them  970ms
   ✓ fill samples authored coordinates from 'clipped coverage' and refreshes them  1354ms
 ✓ apps/cli/src/filter.test.ts (1 test) 5458ms
   ✓ public filter shares develop state, repeat behavior and undo  5458ms
 ✓ packages/commands/src/white-balance.test.ts (7 tests) 5412ms
   ✓ white-balance eyedropper stores a neutral correction and repeats without another revision  1000ms
   ✓ sampling excludes user grade and markup and maps normalized base coordinates while offline  785ms
   ✓ black, outside, and malformed samples leave the snapped document unchanged  718ms
   ✓ portrait orientation and reduced offline pixels keep the oriented base sample  813ms
   ✓ fractional regions include their near centers and exclude their far centers  732ms
   ✓ an out-of-range neutral reports its remaining color without widening controls  677ms
   ✓ a concurrent develop edit is not overwritten by a sampled stale snapshot  687ms
 ✓ packages/providers/src/mask-polarity-smoke.test.ts (5 tests) 5327ms
   ✓ keyed white-edits smoke saves the actual wire mask and uncomposited response without blessing it  2600ms
   ✓ keyed transparent-edits smoke saves the actual wire mask and uncomposited response without blessing it  2495ms
 ✓ apps/cli/src/tag.test.ts (2 tests) 6318ms
   ✓ tag adds an exact value to every resolved photo  3037ms
   ✓ tag commits the found subset and remove is idempotent  3281ms
 ✓ apps/cli/src/gold-exam-dry.test.ts (1 test) 4695ms
   ✓ the keyless gold exam develops three people presets before exporting ten photos  4695ms
 ✓ apps/cli/src/markup-journey.test.ts (1 test) 4495ms
   ✓ the built CLI flattens markup lazily and removing the item restores exact prior pixels  4495ms
 ✓ apps/cli/src/reimagine-journey.test.ts (1 test) 4616ms
   ✓ the built CLI reimagines lazily at base density and removal restores exact prior pixels  4616ms
 ✓ packages/commands/src/relight.test.ts (5 tests) 4575ms
   ✓ relight validates every required control before provider work or revision change  970ms
   ✓ relight accepts reduced input and removal restores the available original  941ms
   ✓ relight accepts cropped quarter-turn geometry and removal restores its viewport  918ms
   ✓ relight leaves the active revision unchanged when provider geometry is invalid  842ms
   ✓ zero intensity keeps current pixels while retaining a removable relight revision  902ms
 ✓ packages/commands/src/reimagine-upscale-fallback.test.ts (5 tests) 4460ms
   ✓ full-frame upscale-only refresh preserves generation and retains the last successful upscale on failure  1190ms
   ✓ reimagine keeps successful generation active when density matching fails  797ms
   ✓ reimagine leaves the active revision unchanged when generation geometry is invalid  790ms
   ✓ reimagine accepts a reduced pinned source and targets the authored viewport density  910ms
   ✓ progress delivery failure cannot override a committed reimagine  771ms
 ✓ packages/library/src/migrations/runner.test.ts (10 tests) 5041ms
   ✓ migrations are repeatable and record each version once  724ms
   ✓ the latest schema supports promoted sampled-key collisions and cull state  509ms
   ✓ the latest schema permits affine resample recipes while rejecting unknown source versions  486ms
   ✓ rejects the non-prefix migration ledger 2 before applying schema  446ms
   ✓ rejects the non-prefix migration ledger 1,3 before applying schema  458ms
   ✓ rejects the non-prefix migration ledger 1,2,3,4,5,6,7,8,9,10,11,12,13,14,15,16,17,18,19,20,21,22 before applying schema  458ms
   ✓ latest-schema verification rejects a missing required constraint  480ms
   ✓ latest-schema verification rejects a missing required index  490ms
   ✓ the graph schema separates logical nodes from reusable and attempted executions  486ms
   ✓ the layer schema keeps identities, snapshots, graph roots, and photos in one ownership boundary  503ms
 ✓ packages/commands/src/xmp-roundtrip.test.ts (5 tests) 5345ms
   ✓ explicit XMP write round-trips catalog cull metadata without touching image bytes  1859ms
   ✓ sync --read replaces sidecar-owned fields, preserves an absent flag, and clears stale diagnostics  805ms
   ✓ a read-only whole-file sidecar failure does not starve an embedded-container write  1014ms
   ✓ an item-local filesystem shape error does not abort later writes  827ms
   ✓ a post-verification sidecar conflict fails one item without starving the batch  839ms
 ✓ apps/cli/src/relight-journey.test.ts (1 test) 5903ms
   ✓ the built CLI relights lazily through the full-frame owner and removal restores exact pixels  5903ms
 ✓ apps/cli/src/auto-enhance.test.ts (1 test) 4492ms
   ✓ the built CLI applies one clamped auto-enhance batch and undo restores the prior develop  4492ms
 ✓ packages/commands/src/outpaint-generation.test.ts (4 tests) 4041ms
   ✓ outpaint finalizes a retained paid attempt when exterior publication fails  972ms
   ✓ outpaint keeps usable generation and its extent when configured upscaling fails  869ms
   ✓ outpaint sends the source in an exterior-only frame and activates one border (edited=true)  1137ms
   ✓ outpaint sends the source in an exterior-only frame and activates one border (edited=false)  1061ms
 ✓ apps/cli/src/undo.test.ts (1 test) 3868ms
   ✓ public undo restores the previous edit pixels and stops at the original image  3868ms
 ✓ apps/cli/src/white-balance.test.ts (1 test) 3833ms
   ✓ built eyedropper neutralizes delivery pixels and shares explicit develop and undo  3832ms
 ✓ packages/commands/src/export-retained.test.ts (4 tests) 3608ms
   ✓ offline export uses verified current pixels and recovers from intact retained output  1026ms
   ✓ offline export uses verified current pixels and recovers from missing retained output  876ms
   ✓ offline export uses verified current pixels and recovers from corrupt retained output  861ms
   ✓ offline export uses verified current pixels and recovers from obsolete retained output  844ms
 ✓ packages/commands/src/graph-source.test.ts (1 test) 3597ms
   ✓ online RAW graph renders use the native whole-file decoder with full provenance  3597ms
 ✓ packages/commands/src/layers.test.ts (4 tests) 3664ms
   ✓ manual box segmentation creates a permanent layer without eagerly evaluating pixels  910ms
   ✓ manual layer commands create immutable revisions and retain stable identities  1225ms
   ✓ show lazily evaluates a transformed manual layer through the production graph  840ms
   ✓ manual layer commands reject ambiguous or invalid command values  689ms
 ✓ packages/render/src/provider-images/attempts.test.ts (5 tests) 3440ms
   ✓ valid PNG headers with corrupt compressed pixels never create an original artifact  835ms
   ✓ a rate-limit retry followed by transport rejection records observed requests without an invented image  627ms
   ✓ working conversion failure keeps the valid original and records a failed attempt  650ms
   ✓ an adapter that omits original capture cannot return a prepared paid success  641ms
   ✓ original registration failure stops normalization with a non-retryable retention diagnostic  686ms
 ✓ packages/commands/src/search-hybrid.test.ts (5 tests) 3666ms
   ✓ hybrid search returns tag-only and vector-only hits in deterministic RRF order  955ms
   ✓ search without an explicit key stays text-only and warns  673ms
   ✓ text search normalizes filename, folder, and tag punctuation like the index  660ms
   ✓ search keeps text hits when the optional vector provider rejects or cannot serve  692ms
   ✓ vector ranking returns every current-model hit despite many closer old-model rows  686ms
 ✓ apps/workbench/src/cli.test.ts (10 tests) 3713ms
   ✓ library renders current schema, row counts, backups, and indexed cache bytes  1096ms
   ✓ graph renders a source to develop to output structure with revision identities  758ms
   ✓ graph follows bounded inspection pages through the active output lineage  882ms
   ✓ layers renders the immutable stack beside its DAG roots with a legible vacancy  954ms
 ✓ apps/cli/src/fill-move-scale.test.ts (1 test) 3454ms
   ✓ built combined move-scale changes delivery and one undo restores the original  3453ms
 ✓ packages/commands/src/fill-controls.test.ts (2 tests) 3326ms
   ✓ fill repeat and refresh retain immutable reference/init intent ('photoctl/fake-image-edit-v1')  1811ms
   ✓ fill repeat and refresh retain immutable reference/init intent ('fixture/unsupported-controls')  1514ms
 ✓ packages/commands/src/preview-export-hash.test.ts (4 tests) 3231ms
   ✓ a preview and following export identify the same snapped render state (broken progress: false)  1048ms
   ✓ a preview and following export identify the same snapped render state (broken progress: true)  756ms
   ✓ export evaluates the snapped output node to a canonical artifact  689ms
   ✓ export consumes the active global develop node  737ms
 ✓ apps/workbench/src/fill.test.ts (7 tests) 3154ms
   ✓ outpaint report exposes native border detail and authored exterior coverage without paid calls  1145ms
   ✓ fill renders one self-contained native crop from the immutable before, generated, and current artifacts  1249ms
   ✓ fill refuses an active mask layer that has no committed fill ancestry  759ms
 ✓ packages/render/src/decoder.test.ts (6 tests) 2997ms
   ✓ the CIRAW adapter returns the shared linear-image contract from the helper wire  504ms
   ✓ LibRaw reports RAW compression and preserves A7C II camera pixels: 'a7c2-lossless-l.ARW'  1094ms
   ✓ LibRaw reports RAW compression and preserves A7C II camera pixels: 'a7c2-lossy.ARW'  722ms
   ✓ LibRaw reports RAW compression and preserves A7C II camera pixels: 'a7c2.ARW'  665ms
 ✓ packages/commands/src/fill-input-size.test.ts (2 tests) 3722ms
   ✓ fill caps provider inputs while full-res and refresh preserve the chosen sampling (cropped: false)  1901ms
   ✓ fill caps provider inputs while full-res and refresh preserve the chosen sampling (cropped: true)  1821ms
 ✓ apps/cli/src/crop.test.ts (1 test) 3670ms
   ✓ public crop auto levels a visible horizon without modifying the original  3670ms
 ✓ packages/render/src/highlight-treatment.test.ts (3 tests) 5145ms
   ✓ the RAW adapter reports the planned reconstruction and preserves explicit disabled pixels  4234ms
   ✓ incapable RAW and camera JPEG retain honest treatment: FileImageDecoder{ id: 'file' } DSC00103.JPG  685ms
 ✓ packages/commands/src/reimport-idempotent.test.ts (4 tests) 3833ms
   ✓ recursive import admits content-probed unknown extensions and relocates idempotently  1353ms
   ✓ copy imports use the stable internal-library volume after the source disappears  864ms
   ✓ daemon import forwards progress before its terminal envelope without retaining it  1596ms
 ✓ apps/cli/src/develop.test.ts (1 test) 3735ms
   ✓ the built CLI persists resolved develop state without rendering new pixels  3735ms
 ✓ packages/commands/src/generate-strength.test.ts (10 tests) 3528ms
   ✓ generate records reference strength 0 as transmitted variation guidance  1408ms
   ✓ generate records reference strength 0.25 as transmitted variation guidance  1081ms
   ✓ generate records reference strength 1 as transmitted variation guidance  1037ms
 ✓ packages/commands/src/retouch.test.ts (3 tests) 3181ms
   ✓ retouch resolves normalized geometry and exact retries without eager pixels  1374ms
   ✓ retouch uses oriented photographic support and rejects invalid target geometry  934ms
   ✓ an authored retouch retry survives a hiding crop while a fresh excluded circle is rejected  873ms
 ✓ apps/cli/src/generate-journey.test.ts (1 test) 3623ms
   ✓ the built CLI generates, imports, tags, and lazily previews a canonical photo  3623ms
 ✓ packages/commands/src/generate-upscale-consumers.test.ts (2 tests) 3178ms
   ✓ standalone upscale at 8 pixels survives show, replaced develop and export without replay  1736ms
   ✓ standalone upscale at 9 pixels survives show, replaced develop and export without replay  1441ms
 ✓ apps/cli/src/stream.test.ts (2 tests) 3403ms
   ✓ list --stream writes each row as bare NDJSON without the daemon  1941ms
   ✓ list --stream writes each row as bare NDJSON through the daemon  1462ms
 ✓ packages/render/src/graph/composite-evaluator.test.ts (4 tests) 3012ms
   ✓ composite v2 folds ordered content-mask pairs without changing uncovered samples  1002ms
   ✓ a permanent mask pin refuses an RGB artifact with the same file extension  630ms
   ✓ strict mask composite copies every zero-coverage base sample exactly  711ms
   ✓ a corrupt permanent mask is marked unavailable on its first evaluation  668ms
 ✓ apps/workbench/src/masks.test.ts (4 tests) 3007ms
   ✓ masks compares committed coverage with identified cached develop pixels (crop/rotate/offline=false)  1655ms
   ✓ masks compares committed coverage with identified cached develop pixels (crop/rotate/offline=true)  1350ms
Traceback (most recent call last):
  File "/Users/david/dev/photoctl/fixtures/tools/manifest.py", line 74, in <module>
    raise ValueError("image SHA-256 changed or was not pinned; review and remove the old manifest before regenerating")
ValueError: image SHA-256 changed or was not pinned; review and remove the old manifest before regenerating
 ✓ fixtures/tools/manifest.test.ts (7 tests) 2471ms
   ✓ fixture manifest > regenerating measured facts preserves authored provenance and decoder expectations  1170ms
   ✓ fixture manifest > refuses to carry image-specific annotations onto changed image bytes  1190ms
 ✓ packages/library/src/cache-index.test.ts (3 tests) 2398ms
   ✓ cache index orders eviction by last use and conditionally claims only old unpinned rows  1106ms
   ✓ cache paths remain scoped to whichever cache root is active  662ms
   ✓ cache eviction candidates page through stable LRU boundaries  630ms
 ✓ packages/commands/src/person-move.test.ts (1 test) 2462ms
   ✓ person move keeps one vacancy until strict fill and carries both photographic layers through develop  2462ms
 ✓ packages/render/src/artifacts/availability.test.ts (4 tests) 2690ms
   ✓ encoded PNG publication shares orphan discovery and registration  865ms
   ✓ reconciliation invalidates legacy display artifacts  653ms
   ✓ reconciliation recognizes canonical masks and rejects corrupt mask bytes  594ms
   ✓ retention follows disabled layer content and masks as immutable revision roots  578ms
 ✓ packages/commands/src/cwd.test.ts (2 tests) 2663ms
   ✓ relative command paths resolve from the request working directory  1207ms
   ✓ doctor resolves a relative cache root from the request working directory  1455ms
 ✓ packages/library/src/identity-collision.test.ts (4 tests) 3684ms
   ✓ sample-key collisions promote both files and preserve distinct stable IDs  1140ms
   ✓ an offline unpromoted candidate never absorbs a sampled-key collision  818ms
   ✓ a missing locator is relocation only on its confirmed-online volume  878ms
   ✓ an exact unpromoted locator accepts stable mtime and refuses replacement in place  847ms
 ✓ packages/commands/src/export-template.test.ts (2 tests) 2796ms
   ✓ export applies a library preset, lets CLI options override it, resolves collisions, and records writes  1689ms
   ✓ a truncated skipped JPEG becomes a per-item failure and the batch continues  1106ms
 ✓ packages/commands/src/fill-upscale-runtime.test.ts (2 tests) 2890ms
   ✓ fill production upscale wiring > unconfigured runtime adapter preserves generation without sending pixels  1567ms
   ✓ fill production upscale wiring > persisted consent executes the runtime adapter without an injected registry  1322ms
 ✓ apps/workbench/src/upscale-spike.test.ts (10 tests) 2950ms
   ✓ identical source requests share a provider result across distinct inspection crops and categories  932ms
   ✓ built CLI retains mask context and all declared validation categories  1180ms
 ✓ apps/cli/src/xmp.test.ts (1 test) 2736ms
   ✓ the built CLI exposes explicit xmp write and its typed batch result  2736ms
 ✓ packages/commands/src/import.test.ts (2 tests) 2651ms
   ✓ copy import catalogs an already-in-place original without duplicating it on repeat  1304ms
   ✓ reimport restores a missing cache index without rewriting a valid preview  1346ms
 ✓ packages/commands/src/render.test.ts (2 tests) 2737ms
   ✓ render --linear exposes the active graph and one stop doubles linear mean  1608ms
   ✓ render --linear never replaces an existing destination or source locator  1128ms
 ✓ packages/commands/src/restore-artifacts.test.ts (1 test) 2643ms
   ✓ restore marks a referenced canonical artifact unavailable when its file is missing  2642ms
 ✓ packages/commands/src/generate-negative.test.ts (4 tests) 2552ms
   ✓ generate records negative guidance and the actual transmitted prompt (reference=false)  1367ms
   ✓ generate records negative guidance and the actual transmitted prompt (reference=true)  1183ms
 ✓ packages/library/src/restore-artifacts.test.ts (1 test) 2530ms
   ✓ restore replaces database state while preserving canonical artifacts and library-owned sources  2529ms
 ✓ packages/render/src/markup/state.test.ts (2 tests) 2460ms
   ✓ markup is atomic with its revision and remains the output wrapper after later develop  1350ms
   ✓ retouch consumes the markup-free pixel output  1109ms
 ✓ packages/commands/src/graph.test.ts (2 tests) 2603ms
   ✓ graph show and node expose bounded full-identity records  1366ms
   ✓ graph show pages a layer content and mask graph with a revision-and-layer-bound cursor  1237ms
 ✓ fixtures/tools/probe-toast.test.ts (2 tests) 3795ms
   ✓ the TOAST probe records the tested workload and a write-strategy verdict  1431ms
   ✓ an unexpected database failure invalidates stale PASS evidence before exiting  2363ms
 ❯ packages/commands/src/reimagine-layer.test.ts (1 test | 1 failed) 5010ms
   × reimagine adds a lazy full-frame layer and removing it restores the prior render 5008ms
     → Test timed out in 5000ms.
If this is a long-running test, pass a timeout value as the last argument or configure it globally with "testTimeout".
 ✓ packages/commands/src/auto-enhance.test.ts (2 tests) 2942ms
   ✓ a structured-provider failure leaves the active revision and develop state unchanged  1619ms
   ✓ undo consumes a no-op auto-enhance marker in a new immutable revision  1323ms
 ✓ packages/library/src/locators.test.ts (8 tests) 2825ms
   ✓ a unique photo ID prefix resolves to the full ID  1154ms
   ✓ an ambiguous photo ID prefix is never resolved arbitrarily  844ms
   ✓ a photo prefix cannot inject SQL wildcard matching  814ms
 ✓ packages/library/src/open.test.ts (2 tests) 2710ms
   ✓ a library opens with durable Postgres settings  1464ms
   ✓ migration failures become a stable catalog error  1245ms
 ✓ packages/render/src/preview.test.ts (9 tests) 1578ms
   ✓ default overview derives from a sufficient master without rendering again  313ms
 ✓ apps/cli/src/cache-prune.test.ts (1 test) 2428ms
   ✓ cache prune applies an explicit byte budget through the built CLI  2427ms
 ✓ packages/render/src/libraw-scene.test.ts (2 tests) 2315ms
   ✓ LibRaw scene output preserves resize-before-camera-front pixels and canonical metadata  2310ms
 ✓ packages/commands/src/undo.test.ts (1 test) 2450ms
   ✓ undo preserves a generated initial root and atomically restores markup and layer snapshots  2449ms
 ✓ packages/render/src/develop/state.test.ts (2 tests) 2647ms
   ✓ develop compensation advances the base and reports stable layer ids without rewriting history  1532ms
   ✓ white-balance compensation is bounded by the operator owner's temperature threshold  1115ms
 ✓ packages/render/src/graph/inspection.test.ts (2 tests) 2152ms
   ✓ history pagination is bounded, duplicate-free, and remains bound to its starting revision  1334ms
   ✓ cursor structure is validated before it reaches database casts  817ms
 ✓ apps/cli/src/fresh-open.test.ts (1 test) 1856ms
   ✓ eight fresh init processes create one migrated library without a leaked lock  1856ms
 ✓ packages/commands/src/remove-generated.test.ts (1 test) 1751ms
   ✓ removing one generated photo preserves shared originals and the other photo without provider replay  1751ms
 ✓ packages/img/src/task-memory.test.ts (29 tests) 1333ms
 ✓ packages/commands/src/progress.test.ts (2 tests) 1007ms
   ✓ stop during an asynchronous report does not schedule another interval  1003ms
 ✓ packages/library/src/backup.test.ts (5 tests) 1998ms
   ✓ a backup is a restorable SQL file and an automatic retry inside five minutes reuses it  1825ms
 ✓ packages/commands/src/models-doctor.test.ts (1 test) 1695ms
   ✓ doctor reports the ready SAM manifest and fetch refuses without a base URL  1694ms
 ✓ packages/commands/src/markup.test.ts (1 test) 1800ms
   ✓ markup add/list/update/remove/clear round-trips strict vector items  1800ms
 ✓ packages/commands/src/xmp-read.test.ts (1 test) 1707ms
   ✓ XMP seeds cull state once, then PGlite edits win on re-import  1706ms
 ✓ packages/commands/src/provider-doctor.test.ts (1 test) 1878ms
   ✓ doctor reports fixed and library-overridden provider ids without exposing credentials  1878ms
 ✓ packages/render/src/graph/provider-events.test.ts (1 test) 1660ms
   ✓ generate and upscale attempts emit distinct events and retain bounded redacted provenance  1659ms
 ✓ packages/render/src/graph/removal.test.ts (1 test) 1634ms
   ✓ photo removal clears geometry checkpoints and layer history without touching another graph or shared artifacts  1633ms
 ✓ packages/render/src/artifacts/artifact-publication.test.ts (17 tests) 851ms
 ✓ fixtures/manifest.test.ts (3 tests) 777ms
   ✓ remeasuring an image pinned as 0000000000000000000000000000000000000000000000000000000000000000 refuses without losing annotations  320ms
 ✓ packages/library/src/lock.test.ts (2 tests) 459ms
   ✓ concurrent contenders cannot both reclaim one dead holder  428ms
 ✓ packages/render/src/sam2-runtime.test.ts (4 tests) 480ms
 ✓ packages/render/src/preview-resampler.test.ts (3 tests) 310ms
 ✓ apps/cli/src/cli-version.test.ts (2 tests) 502ms
 ✓ packages/render/src/develop/pixels.test.ts (58 tests) 377ms
 ✓ packages/render/src/export/delivery.test.ts (7 tests) 237ms
 ✓ packages/test-harness/src/harness-self.test.ts (1 test) 301ms
   ✓ the functional runner fails when it discovers zero tests  300ms
 ✓ packages/importer/src/cache.test.ts (8 tests) 194ms
test source checkout must be clean
 ✓ fixtures/export-sam2.test.ts (3 tests) 274ms
 ✓ packages/providers/src/embed-shape-smoke.test.ts (4 tests) 238ms
 ✓ packages/render/src/preview-coordinator.test.ts (4 tests) 156ms
 ✓ packages/render/src/markup/flatten.test.ts (2 tests) 151ms
 ✓ apps/cli/src/version-sync.test.ts (2 tests) 152ms
 ✓ apps/cli/src/gold-exam-report.test.ts (1 test) 134ms
 ✓ packages/importer/src/pipeline.test.ts (1 test) 56ms
 ✓ packages/render/src/export/publication.test.ts (4 tests) 78ms
 ✓ packages/importer/src/exif.test.ts (4 tests) 76ms
 ✓ packages/library/src/xmp/write.test.ts (7 tests) 60ms
 ✓ fixtures/tools/drive.test.ts (1 test) 119ms
 ✓ packages/providers/src/provider-fake.test.ts (15 tests) 63ms
 ✓ packages/render/src/sam2-frame.test.ts (1 test) 58ms
 ✓ packages/providers/src/image-controls.test.ts (3 tests) 45ms
 ✓ packages/protocol/src/verbs/markup.test.ts (17 tests) 42ms
 ✓ packages/importer/src/formats.test.ts (5 tests) 33ms
 ✓ packages/test-harness/src/spawn.test.ts (1 test) 38ms
 ✓ packages/img/src/sam2.test.ts (5 tests) 58ms
 ✓ packages/importer/src/cache-prune.test.ts (5 tests) 25ms
 ✓ packages/render/src/sam2.test.ts (4 tests) 27ms
 ✓ packages/test-harness/src/gateway-fixture.test.ts (1 test) 26ms
 ✓ packages/library/src/identity.test.ts (5 tests) 27ms
 ✓ packages/library/src/models.test.ts (2 tests) 20ms
 ✓ packages/protocol/src/frames.test.ts (2 tests) 17ms
 ✓ packages/library/src/restore-journal.test.ts (4 tests) 11ms
 ✓ packages/render/src/color.test.ts (6 tests) 17ms
 ✓ packages/render/src/graph/recipes.test.ts (21 tests) 16ms
 ✓ packages/render/src/develop/develop-dict.test.ts (10 tests) 10ms
 ✓ packages/providers/src/upscale/upscale-adapter.test.ts (10 tests) 10ms
 ✓ apps/workbench/src/oracle.test.ts (4 tests) 8ms
 ✓ packages/render/src/source-render.test.ts (1 test) 9ms
 ✓ packages/render/src/export/collision.test.ts (2 tests) 6ms
 ✓ packages/importer/src/embedded.test.ts (3 tests) 10ms
 ✓ packages/library/src/xmp/read.test.ts (4 tests) 6ms
 ✓ packages/render/src/linear-tiff-profile.test.ts (1 test) 6ms
 ✓ packages/providers/src/provider-unconfigured.test.ts (7 tests) 7ms
 ✓ packages/img/src/supported-projection.test.ts (4 tests) 6ms
 ✓ packages/render/src/mask-kernels.test.ts (5 tests) 9ms
 ✓ packages/img/src/white-balance.test.ts (2 tests) 5ms
 ✓ packages/library/src/trash.test.ts (1 test) 7ms
 ✓ packages/render/src/graph/projection.test.ts (1 test) 5ms
 ✓ packages/protocol/src/verbs/relight.test.ts (1 test) 6ms
 ✓ packages/render/src/graph/canvas-support.test.ts (11 tests) 6ms
 ✓ packages/importer/src/scan.test.ts (1 test) 6ms
 ✓ packages/providers/src/adapters/embedding.test.ts (5 tests) 5ms
 ✓ packages/render/src/fill/density.test.ts (9 tests) 4ms
 ✓ packages/render/src/coordinates.orientation.test.ts (25 tests) 5ms
 ✓ packages/render/src/graph/canvas.test.ts (3 tests) 4ms
 ✓ packages/render/src/linear-tiff.test.ts (1 test) 10ms
 ✓ packages/render/src/fill/external-pixels.test.ts (1 test) 3ms
 ✓ packages/providers/src/model-table.test.ts (4 tests) 3ms
 ✓ packages/render/src/fill/upscale-policy.test.ts (6 tests) 4ms
 ✓ packages/commands/src/daemon-client.test.ts (10 tests) 2ms
 ✓ packages/protocol/src/hash-protocol.test.ts (1 test) 2ms
 ✓ packages/commands/src/errors.test.ts (8 tests) 3ms
 ✓ packages/render/src/develop/stats.test.ts (2 tests) 2ms
 ✓ apps/workbench/src/sheet.test.ts (2 tests) 2ms
 ✓ packages/render/src/export/template.test.ts (2 tests) 2ms
 ✓ packages/providers/src/cost.test.ts (3 tests) 2ms
 ✓ packages/render/src/transforms.test.ts (1 test) 2ms
 ✓ packages/library/src/search/rrf.test.ts (2 tests) 2ms
 ✓ apps/cli/src/output.test.ts (1 test) 2ms
 ✓ packages/providers/src/prompts/upscale.test.ts (1 test) 2ms
 ✓ packages/protocol/src/envelope.test.ts (4 tests) 1ms
 ✓ packages/providers/src/relight-template.test.ts (1 test) 1ms

⎯⎯⎯⎯⎯⎯⎯ Failed Tests 1 ⎯⎯⎯⎯⎯⎯⎯

 FAIL  packages/commands/src/reimagine-layer.test.ts > reimagine adds a lazy full-frame layer and removing it restores the prior render
Error: Test timed out in 5000ms.
If this is a long-running test, pass a timeout value as the last argument or configure it globally with "testTimeout".
 ❯ packages/commands/src/reimagine-layer.test.ts:11:1
      9| import { dispatch } from "./dispatch.js";
     10| 
     11| test("reimagine adds a lazy full-frame layer and removing it restores …
       | ^
     12|   const parent = await mkdtemp(join(tmpdir(), "photoctl-reimagine-"));
     13|   const source = join(parent, "source.jpg");

⎯⎯⎯⎯⎯⎯⎯⎯⎯⎯⎯⎯⎯⎯⎯⎯⎯⎯⎯⎯⎯⎯⎯⎯[1/1]⎯


 Test Files  1 failed | 200 passed (201)
      Tests  1 failed | 1096 passed (1097)
   Start at  12:27:38
   Duration  1232.16s (transform 2.38s, setup 0ms, collect 28.53s, tests 1176.94s, environment 16ms, prepare 5.85s)

